// Vitest Snapshot v1, https://vitest.dev/guide/snapshot.html

exports[`snapshot 1`] = `
{
  "color": {
    "black": {
      "isVar": true,
      "key": "$black",
      "name": "c-black",
      "val": "#000",
      "variable": "var(--c-black)",
    },
    "white": {
      "isVar": true,
      "key": "$white",
      "name": "c-white",
      "val": "#fff",
      "variable": "var(--c-white)",
    },
  },
  "radius": {
    "0": {
      "isVar": true,
      "key": "$0",
      "name": "t-radius-0",
      "val": 0,
      "variable": "var(--t-radius-0)",
    },
    "1": {
      "isVar": true,
      "key": "$1",
      "name": "t-radius-1",
      "val": 3,
      "variable": "var(--t-radius-1)",
    },
    "10": {
      "isVar": true,
      "key": "$10",
      "name": "t-radius-10",
      "val": 34,
      "variable": "var(--t-radius-10)",
    },
    "11": {
      "isVar": true,
      "key": "$11",
      "name": "t-radius-11",
      "val": 42,
      "variable": "var(--t-radius-11)",
    },
    "12": {
      "isVar": true,
      "key": "$12",
      "name": "t-radius-12",
      "val": 50,
      "variable": "var(--t-radius-12)",
    },
    "2": {
      "isVar": true,
      "key": "$2",
      "name": "t-radius-2",
      "val": 5,
      "variable": "var(--t-radius-2)",
    },
    "3": {
      "isVar": true,
      "key": "$3",
      "name": "t-radius-3",
      "val": 7,
      "variable": "var(--t-radius-3)",
    },
    "4": {
      "isVar": true,
      "key": "$4",
      "name": "t-radius-4",
      "val": 9,
      "variable": "var(--t-radius-4)",
    },
    "5": {
      "isVar": true,
      "key": "$5",
      "name": "t-radius-5",
      "val": 10,
      "variable": "var(--t-radius-5)",
    },
    "6": {
      "isVar": true,
      "key": "$6",
      "name": "t-radius-6",
      "val": 16,
      "variable": "var(--t-radius-6)",
    },
    "7": {
      "isVar": true,
      "key": "$7",
      "name": "t-radius-7",
      "val": 19,
      "variable": "var(--t-radius-7)",
    },
    "8": {
      "isVar": true,
      "key": "$8",
      "name": "t-radius-8",
      "val": 22,
      "variable": "var(--t-radius-8)",
    },
    "9": {
      "isVar": true,
      "key": "$9",
      "name": "t-radius-9",
      "val": 26,
      "variable": "var(--t-radius-9)",
    },
  },
  "size": {
    "0": {
      "isVar": true,
      "key": "$0",
      "name": "t-size-0",
      "val": 0,
      "variable": "var(--t-size-0)",
    },
    "0.25": {
      "isVar": true,
      "key": "$0.25",
      "name": "t-size-0--25",
      "val": 2,
      "variable": "var(--t-size-0--25)",
    },
    "0.5": {
      "isVar": true,
      "key": "$0.5",
      "name": "t-size-0--5",
      "val": 4,
      "variable": "var(--t-size-0--5)",
    },
    "0.75": {
      "isVar": true,
      "key": "$0.75",
      "name": "t-size-0--75",
      "val": 8,
      "variable": "var(--t-size-0--75)",
    },
    "1": {
      "isVar": true,
      "key": "$1",
      "name": "t-size-1",
      "val": 20,
      "variable": "var(--t-size-1)",
    },
    "1.5": {
      "isVar": true,
      "key": "$1.5",
      "name": "t-size-1--5",
      "val": 24,
      "variable": "var(--t-size-1--5)",
    },
    "10": {
      "isVar": true,
      "key": "$10",
      "name": "t-size-10",
      "val": 104,
      "variable": "var(--t-size-10)",
    },
    "11": {
      "isVar": true,
      "key": "$11",
      "name": "t-size-11",
      "val": 124,
      "variable": "var(--t-size-11)",
    },
    "12": {
      "isVar": true,
      "key": "$12",
      "name": "t-size-12",
      "val": 144,
      "variable": "var(--t-size-12)",
    },
    "13": {
      "isVar": true,
      "key": "$13",
      "name": "t-size-13",
      "val": 164,
      "variable": "var(--t-size-13)",
    },
    "14": {
      "isVar": true,
      "key": "$14",
      "name": "t-size-14",
      "val": 184,
      "variable": "var(--t-size-14)",
    },
    "15": {
      "isVar": true,
      "key": "$15",
      "name": "t-size-15",
      "val": 204,
      "variable": "var(--t-size-15)",
    },
    "16": {
      "isVar": true,
      "key": "$16",
      "name": "t-size-16",
      "val": 224,
      "variable": "var(--t-size-16)",
    },
    "17": {
      "isVar": true,
      "key": "$17",
      "name": "t-size-17",
      "val": 224,
      "variable": "var(--t-size-17)",
    },
    "18": {
      "isVar": true,
      "key": "$18",
      "name": "t-size-18",
      "val": 244,
      "variable": "var(--t-size-18)",
    },
    "19": {
      "isVar": true,
      "key": "$19",
      "name": "t-size-19",
      "val": 264,
      "variable": "var(--t-size-19)",
    },
    "2": {
      "isVar": true,
      "key": "$2",
      "name": "t-size-2",
      "val": 28,
      "variable": "var(--t-size-2)",
    },
    "2.5": {
      "isVar": true,
      "key": "$2.5",
      "name": "t-size-2--5",
      "val": 32,
      "variable": "var(--t-size-2--5)",
    },
    "20": {
      "isVar": true,
      "key": "$20",
      "name": "t-size-20",
      "val": 284,
      "variable": "var(--t-size-20)",
    },
    "3": {
      "isVar": true,
      "key": "$3",
      "name": "t-size-3",
      "val": 36,
      "variable": "var(--t-size-3)",
    },
    "3.5": {
      "isVar": true,
      "key": "$3.5",
      "name": "t-size-3--5",
      "val": 40,
      "variable": "var(--t-size-3--5)",
    },
    "4": {
      "isVar": true,
      "key": "$4",
      "name": "t-size-4",
      "val": 44,
      "variable": "var(--t-size-4)",
    },
    "4.5": {
      "isVar": true,
      "key": "$4.5",
      "name": "t-size-4--5",
      "val": 48,
      "variable": "var(--t-size-4--5)",
    },
    "5": {
      "isVar": true,
      "key": "$5",
      "name": "t-size-5",
      "val": 52,
      "variable": "var(--t-size-5)",
    },
    "5.5": {
      "isVar": true,
      "key": "$5.5",
      "name": "t-size-5--5",
      "val": 59,
      "variable": "var(--t-size-5--5)",
    },
    "6": {
      "isVar": true,
      "key": "$6",
      "name": "t-size-6",
      "val": 64,
      "variable": "var(--t-size-6)",
    },
    "6.5": {
      "isVar": true,
      "key": "$6.5",
      "name": "t-size-6--5",
      "val": 69,
      "variable": "var(--t-size-6--5)",
    },
    "7": {
      "isVar": true,
      "key": "$7",
      "name": "t-size-7",
      "val": 74,
      "variable": "var(--t-size-7)",
    },
    "7.6": {
      "isVar": true,
      "key": "$7.6",
      "name": "t-size-7--6",
      "val": 79,
      "variable": "var(--t-size-7--6)",
    },
    "8": {
      "isVar": true,
      "key": "$8",
      "name": "t-size-8",
      "val": 84,
      "variable": "var(--t-size-8)",
    },
    "8.5": {
      "isVar": true,
      "key": "$8.5",
      "name": "t-size-8--5",
      "val": 89,
      "variable": "var(--t-size-8--5)",
    },
    "9": {
      "isVar": true,
      "key": "$9",
      "name": "t-size-9",
      "val": 94,
      "variable": "var(--t-size-9)",
    },
    "9.5": {
      "isVar": true,
      "key": "$9.5",
      "name": "t-size-9--5",
      "val": 99,
      "variable": "var(--t-size-9--5)",
    },
    "true": {
      "isVar": true,
      "key": "$true",
      "name": "t-size-true",
      "val": 44,
      "variable": "var(--t-size-true)",
    },
  },
  "space": {
    "-0.25": {
      "isVar": true,
      "key": "$-0.25",
      "name": "t-space--0--25",
      "val": -1,
      "variable": "var(--t-space--0--25)",
    },
    "-0.5": {
      "isVar": true,
      "key": "$-0.5",
      "name": "t-space--0--5",
      "val": -1,
      "variable": "var(--t-space--0--5)",
    },
    "-0.75": {
      "isVar": true,
      "key": "$-0.75",
      "name": "t-space--0--75",
      "val": -3,
      "variable": "var(--t-space--0--75)",
    },
    "-1": {
      "isVar": true,
      "key": "$-1",
      "name": "t-space--1",
      "val": -2,
      "variable": "var(--t-space--1)",
    },
    "-1.5": {
      "isVar": true,
      "key": "$-1.5",
      "name": "t-space--1--5",
      "val": -4,
      "variable": "var(--t-space--1--5)",
    },
    "-10": {
      "isVar": true,
      "key": "$-10",
      "name": "t-space--10",
      "val": -60,
      "variable": "var(--t-space--10)",
    },
    "-11": {
      "isVar": true,
      "key": "$-11",
      "name": "t-space--11",
      "val": -74,
      "variable": "var(--t-space--11)",
    },
    "-12": {
      "isVar": true,
      "key": "$-12",
      "name": "t-space--12",
      "val": -88,
      "variable": "var(--t-space--12)",
    },
    "-13": {
      "isVar": true,
      "key": "$-13",
      "name": "t-space--13",
      "val": -102,
      "variable": "var(--t-space--13)",
    },
    "-14": {
      "isVar": true,
      "key": "$-14",
      "name": "t-space--14",
      "val": -116,
      "variable": "var(--t-space--14)",
    },
    "-15": {
      "isVar": true,
      "key": "$-15",
      "name": "t-space--15",
      "val": -130,
      "variable": "var(--t-space--15)",
    },
    "-16": {
      "isVar": true,
      "key": "$-16",
      "name": "t-space--16",
      "val": -144,
      "variable": "var(--t-space--16)",
    },
    "-17": {
      "isVar": true,
      "key": "$-17",
      "name": "t-space--17",
      "val": -144,
      "variable": "var(--t-space--17)",
    },
    "-18": {
      "isVar": true,
      "key": "$-18",
      "name": "t-space--18",
      "val": -158,
      "variable": "var(--t-space--18)",
    },
    "-19": {
      "isVar": true,
      "key": "$-19",
      "name": "t-space--19",
      "val": -172,
      "variable": "var(--t-space--19)",
    },
    "-2": {
      "isVar": true,
      "key": "$-2",
      "name": "t-space--2",
      "val": -7,
      "variable": "var(--t-space--2)",
    },
    "-2.5": {
      "isVar": true,
      "key": "$-2.5",
      "name": "t-space--2--5",
      "val": -10,
      "variable": "var(--t-space--2--5)",
    },
    "-20": {
      "isVar": true,
      "key": "$-20",
      "name": "t-space--20",
      "val": -186,
      "variable": "var(--t-space--20)",
    },
    "-3": {
      "isVar": true,
      "key": "$-3",
      "name": "t-space--3",
      "val": -13,
      "variable": "var(--t-space--3)",
    },
    "-3.5": {
      "isVar": true,
      "key": "$-3.5",
      "name": "t-space--3--5",
      "val": -16,
      "variable": "var(--t-space--3--5)",
    },
    "-4": {
      "isVar": true,
      "key": "$-4",
      "name": "t-space--4",
      "val": -18,
      "variable": "var(--t-space--4)",
    },
    "-4.5": {
      "isVar": true,
      "key": "$-4.5",
      "name": "t-space--4--5",
      "val": -21,
      "variable": "var(--t-space--4--5)",
    },
    "-5": {
      "isVar": true,
      "key": "$-5",
      "name": "t-space--5",
      "val": -24,
      "variable": "var(--t-space--5)",
    },
    "-5.5": {
      "isVar": true,
      "key": "$-5.5",
      "name": "t-space--5--5",
      "val": -29,
      "variable": "var(--t-space--5--5)",
    },
    "-6": {
      "isVar": true,
      "key": "$-6",
      "name": "t-space--6",
      "val": -32,
      "variable": "var(--t-space--6)",
    },
    "-6.5": {
      "isVar": true,
      "key": "$-6.5",
      "name": "t-space--6--5",
      "val": -36,
      "variable": "var(--t-space--6--5)",
    },
    "-7": {
      "isVar": true,
      "key": "$-7",
      "name": "t-space--7",
      "val": -39,
      "variable": "var(--t-space--7)",
    },
    "-7.6": {
      "isVar": true,
      "key": "$-7.6",
      "name": "t-space--7--6",
      "val": -43,
      "variable": "var(--t-space--7--6)",
    },
    "-8": {
      "isVar": true,
      "key": "$-8",
      "name": "t-space--8",
      "val": -46,
      "variable": "var(--t-space--8)",
    },
    "-8.5": {
      "isVar": true,
      "key": "$-8.5",
      "name": "t-space--8--5",
      "val": -50,
      "variable": "var(--t-space--8--5)",
    },
    "-9": {
      "isVar": true,
      "key": "$-9",
      "name": "t-space--9",
      "val": -53,
      "variable": "var(--t-space--9)",
    },
    "-9.5": {
      "isVar": true,
      "key": "$-9.5",
      "name": "t-space--9--5",
      "val": -57,
      "variable": "var(--t-space--9--5)",
    },
    "-true": {
      "isVar": true,
      "key": "$-true",
      "name": "t-space--true",
      "val": -18,
      "variable": "var(--t-space--true)",
    },
    "0": {
      "isVar": true,
      "key": "$0",
      "name": "t-space-0",
      "val": 0,
      "variable": "var(--t-space-0)",
    },
    "0.25": {
      "isVar": true,
      "key": "$0.25",
      "name": "t-space-0--25",
      "val": 1,
      "variable": "var(--t-space-0--25)",
    },
    "0.5": {
      "isVar": true,
      "key": "$0.5",
      "name": "t-space-0--5",
      "val": 1,
      "variable": "var(--t-space-0--5)",
    },
    "0.75": {
      "isVar": true,
      "key": "$0.75",
      "name": "t-space-0--75",
      "val": 3,
      "variable": "var(--t-space-0--75)",
    },
    "1": {
      "isVar": true,
      "key": "$1",
      "name": "t-space-1",
      "val": 2,
      "variable": "var(--t-space-1)",
    },
    "1.5": {
      "isVar": true,
      "key": "$1.5",
      "name": "t-space-1--5",
      "val": 4,
      "variable": "var(--t-space-1--5)",
    },
    "10": {
      "isVar": true,
      "key": "$10",
      "name": "t-space-10",
      "val": 60,
      "variable": "var(--t-space-10)",
    },
    "11": {
      "isVar": true,
      "key": "$11",
      "name": "t-space-11",
      "val": 74,
      "variable": "var(--t-space-11)",
    },
    "12": {
      "isVar": true,
      "key": "$12",
      "name": "t-space-12",
      "val": 88,
      "variable": "var(--t-space-12)",
    },
    "13": {
      "isVar": true,
      "key": "$13",
      "name": "t-space-13",
      "val": 102,
      "variable": "var(--t-space-13)",
    },
    "14": {
      "isVar": true,
      "key": "$14",
      "name": "t-space-14",
      "val": 116,
      "variable": "var(--t-space-14)",
    },
    "15": {
      "isVar": true,
      "key": "$15",
      "name": "t-space-15",
      "val": 130,
      "variable": "var(--t-space-15)",
    },
    "16": {
      "isVar": true,
      "key": "$16",
      "name": "t-space-16",
      "val": 144,
      "variable": "var(--t-space-16)",
    },
    "17": {
      "isVar": true,
      "key": "$17",
      "name": "t-space-17",
      "val": 144,
      "variable": "var(--t-space-17)",
    },
    "18": {
      "isVar": true,
      "key": "$18",
      "name": "t-space-18",
      "val": 158,
      "variable": "var(--t-space-18)",
    },
    "19": {
      "isVar": true,
      "key": "$19",
      "name": "t-space-19",
      "val": 172,
      "variable": "var(--t-space-19)",
    },
    "2": {
      "isVar": true,
      "key": "$2",
      "name": "t-space-2",
      "val": 7,
      "variable": "var(--t-space-2)",
    },
    "2.5": {
      "isVar": true,
      "key": "$2.5",
      "name": "t-space-2--5",
      "val": 10,
      "variable": "var(--t-space-2--5)",
    },
    "20": {
      "isVar": true,
      "key": "$20",
      "name": "t-space-20",
      "val": 186,
      "variable": "var(--t-space-20)",
    },
    "3": {
      "isVar": true,
      "key": "$3",
      "name": "t-space-3",
      "val": 13,
      "variable": "var(--t-space-3)",
    },
    "3.5": {
      "isVar": true,
      "key": "$3.5",
      "name": "t-space-3--5",
      "val": 16,
      "variable": "var(--t-space-3--5)",
    },
    "4": {
      "isVar": true,
      "key": "$4",
      "name": "t-space-4",
      "val": 18,
      "variable": "var(--t-space-4)",
    },
    "4.5": {
      "isVar": true,
      "key": "$4.5",
      "name": "t-space-4--5",
      "val": 21,
      "variable": "var(--t-space-4--5)",
    },
    "5": {
      "isVar": true,
      "key": "$5",
      "name": "t-space-5",
      "val": 24,
      "variable": "var(--t-space-5)",
    },
    "5.5": {
      "isVar": true,
      "key": "$5.5",
      "name": "t-space-5--5",
      "val": 29,
      "variable": "var(--t-space-5--5)",
    },
    "6": {
      "isVar": true,
      "key": "$6",
      "name": "t-space-6",
      "val": 32,
      "variable": "var(--t-space-6)",
    },
    "6.5": {
      "isVar": true,
      "key": "$6.5",
      "name": "t-space-6--5",
      "val": 36,
      "variable": "var(--t-space-6--5)",
    },
    "7": {
      "isVar": true,
      "key": "$7",
      "name": "t-space-7",
      "val": 39,
      "variable": "var(--t-space-7)",
    },
    "7.6": {
      "isVar": true,
      "key": "$7.6",
      "name": "t-space-7--6",
      "val": 43,
      "variable": "var(--t-space-7--6)",
    },
    "8": {
      "isVar": true,
      "key": "$8",
      "name": "t-space-8",
      "val": 46,
      "variable": "var(--t-space-8)",
    },
    "8.5": {
      "isVar": true,
      "key": "$8.5",
      "name": "t-space-8--5",
      "val": 50,
      "variable": "var(--t-space-8--5)",
    },
    "9": {
      "isVar": true,
      "key": "$9",
      "name": "t-space-9",
      "val": 53,
      "variable": "var(--t-space-9)",
    },
    "9.5": {
      "isVar": true,
      "key": "$9.5",
      "name": "t-space-9--5",
      "val": 57,
      "variable": "var(--t-space-9--5)",
    },
    "true": {
      "isVar": true,
      "key": "$true",
      "name": "t-space-true",
      "val": 18,
      "variable": "var(--t-space-true)",
    },
  },
  "zIndex": {
    "0": {
      "isVar": true,
      "key": "$0",
      "name": "t-zIndex-0",
      "val": 0,
      "variable": "var(--t-zIndex-0)",
    },
    "1": {
      "isVar": true,
      "key": "$1",
      "name": "t-zIndex-1",
      "val": 100,
      "variable": "var(--t-zIndex-1)",
    },
    "2": {
      "isVar": true,
      "key": "$2",
      "name": "t-zIndex-2",
      "val": 200,
      "variable": "var(--t-zIndex-2)",
    },
    "3": {
      "isVar": true,
      "key": "$3",
      "name": "t-zIndex-3",
      "val": 300,
      "variable": "var(--t-zIndex-3)",
    },
    "4": {
      "isVar": true,
      "key": "$4",
      "name": "t-zIndex-4",
      "val": 400,
      "variable": "var(--t-zIndex-4)",
    },
    "5": {
      "isVar": true,
      "key": "$5",
      "name": "t-zIndex-5",
      "val": 500,
      "variable": "var(--t-zIndex-5)",
    },
  },
}
`;
