// Vitest Snapshot v1, https://vitest.dev/guide/snapshot.html

exports[`snapshot 1`] = `
{
  "color": {
    "black": {
      "isVar": true,
      "key": "$black",
      "name": "black",
      "val": "#000",
      "variable": "var(--black)",
    },
    "white": {
      "isVar": true,
      "key": "$white",
      "name": "white",
      "val": "#fff",
      "variable": "var(--white)",
    },
  },
  "radius": {
    "0": {
      "isVar": true,
      "key": "$0",
      "name": "radius-0",
      "val": 0,
      "variable": "var(--radius-0)",
    },
    "1": {
      "isVar": true,
      "key": "$1",
      "name": "radius-1",
      "val": 3,
      "variable": "var(--radius-1)",
    },
    "10": {
      "isVar": true,
      "key": "$10",
      "name": "radius-10",
      "val": 34,
      "variable": "var(--radius-10)",
    },
    "11": {
      "isVar": true,
      "key": "$11",
      "name": "radius-11",
      "val": 42,
      "variable": "var(--radius-11)",
    },
    "12": {
      "isVar": true,
      "key": "$12",
      "name": "radius-12",
      "val": 50,
      "variable": "var(--radius-12)",
    },
    "2": {
      "isVar": true,
      "key": "$2",
      "name": "radius-2",
      "val": 5,
      "variable": "var(--radius-2)",
    },
    "3": {
      "isVar": true,
      "key": "$3",
      "name": "radius-3",
      "val": 7,
      "variable": "var(--radius-3)",
    },
    "4": {
      "isVar": true,
      "key": "$4",
      "name": "radius-4",
      "val": 9,
      "variable": "var(--radius-4)",
    },
    "5": {
      "isVar": true,
      "key": "$5",
      "name": "radius-5",
      "val": 10,
      "variable": "var(--radius-5)",
    },
    "6": {
      "isVar": true,
      "key": "$6",
      "name": "radius-6",
      "val": 16,
      "variable": "var(--radius-6)",
    },
    "7": {
      "isVar": true,
      "key": "$7",
      "name": "radius-7",
      "val": 19,
      "variable": "var(--radius-7)",
    },
    "8": {
      "isVar": true,
      "key": "$8",
      "name": "radius-8",
      "val": 22,
      "variable": "var(--radius-8)",
    },
    "9": {
      "isVar": true,
      "key": "$9",
      "name": "radius-9",
      "val": 26,
      "variable": "var(--radius-9)",
    },
  },
  "size": {
    "0": {
      "isVar": true,
      "key": "$0",
      "name": "size-0",
      "val": 0,
      "variable": "var(--size-0)",
    },
    "0.25": {
      "isVar": true,
      "key": "$0.25",
      "name": "size-0--25",
      "val": 2,
      "variable": "var(--size-0--25)",
    },
    "0.5": {
      "isVar": true,
      "key": "$0.5",
      "name": "size-0--5",
      "val": 4,
      "variable": "var(--size-0--5)",
    },
    "0.75": {
      "isVar": true,
      "key": "$0.75",
      "name": "size-0--75",
      "val": 8,
      "variable": "var(--size-0--75)",
    },
    "1": {
      "isVar": true,
      "key": "$1",
      "name": "size-1",
      "val": 20,
      "variable": "var(--size-1)",
    },
    "1.5": {
      "isVar": true,
      "key": "$1.5",
      "name": "size-1--5",
      "val": 24,
      "variable": "var(--size-1--5)",
    },
    "10": {
      "isVar": true,
      "key": "$10",
      "name": "size-10",
      "val": 104,
      "variable": "var(--size-10)",
    },
    "11": {
      "isVar": true,
      "key": "$11",
      "name": "size-11",
      "val": 124,
      "variable": "var(--size-11)",
    },
    "12": {
      "isVar": true,
      "key": "$12",
      "name": "size-12",
      "val": 144,
      "variable": "var(--size-12)",
    },
    "13": {
      "isVar": true,
      "key": "$13",
      "name": "size-13",
      "val": 164,
      "variable": "var(--size-13)",
    },
    "14": {
      "isVar": true,
      "key": "$14",
      "name": "size-14",
      "val": 184,
      "variable": "var(--size-14)",
    },
    "15": {
      "isVar": true,
      "key": "$15",
      "name": "size-15",
      "val": 204,
      "variable": "var(--size-15)",
    },
    "16": {
      "isVar": true,
      "key": "$16",
      "name": "size-16",
      "val": 224,
      "variable": "var(--size-16)",
    },
    "17": {
      "isVar": true,
      "key": "$17",
      "name": "size-17",
      "val": 224,
      "variable": "var(--size-17)",
    },
    "18": {
      "isVar": true,
      "key": "$18",
      "name": "size-18",
      "val": 244,
      "variable": "var(--size-18)",
    },
    "19": {
      "isVar": true,
      "key": "$19",
      "name": "size-19",
      "val": 264,
      "variable": "var(--size-19)",
    },
    "2": {
      "isVar": true,
      "key": "$2",
      "name": "size-2",
      "val": 28,
      "variable": "var(--size-2)",
    },
    "2.5": {
      "isVar": true,
      "key": "$2.5",
      "name": "size-2--5",
      "val": 32,
      "variable": "var(--size-2--5)",
    },
    "20": {
      "isVar": true,
      "key": "$20",
      "name": "size-20",
      "val": 284,
      "variable": "var(--size-20)",
    },
    "3": {
      "isVar": true,
      "key": "$3",
      "name": "size-3",
      "val": 36,
      "variable": "var(--size-3)",
    },
    "3.5": {
      "isVar": true,
      "key": "$3.5",
      "name": "size-3--5",
      "val": 40,
      "variable": "var(--size-3--5)",
    },
    "4": {
      "isVar": true,
      "key": "$4",
      "name": "size-4",
      "val": 44,
      "variable": "var(--size-4)",
    },
    "4.5": {
      "isVar": true,
      "key": "$4.5",
      "name": "size-4--5",
      "val": 48,
      "variable": "var(--size-4--5)",
    },
    "5": {
      "isVar": true,
      "key": "$5",
      "name": "size-5",
      "val": 52,
      "variable": "var(--size-5)",
    },
    "5.5": {
      "isVar": true,
      "key": "$5.5",
      "name": "size-5--5",
      "val": 59,
      "variable": "var(--size-5--5)",
    },
    "6": {
      "isVar": true,
      "key": "$6",
      "name": "size-6",
      "val": 64,
      "variable": "var(--size-6)",
    },
    "6.5": {
      "isVar": true,
      "key": "$6.5",
      "name": "size-6--5",
      "val": 69,
      "variable": "var(--size-6--5)",
    },
    "7": {
      "isVar": true,
      "key": "$7",
      "name": "size-7",
      "val": 74,
      "variable": "var(--size-7)",
    },
    "7.6": {
      "isVar": true,
      "key": "$7.6",
      "name": "size-7--6",
      "val": 79,
      "variable": "var(--size-7--6)",
    },
    "8": {
      "isVar": true,
      "key": "$8",
      "name": "size-8",
      "val": 84,
      "variable": "var(--size-8)",
    },
    "8.5": {
      "isVar": true,
      "key": "$8.5",
      "name": "size-8--5",
      "val": 89,
      "variable": "var(--size-8--5)",
    },
    "9": {
      "isVar": true,
      "key": "$9",
      "name": "size-9",
      "val": 94,
      "variable": "var(--size-9)",
    },
    "9.5": {
      "isVar": true,
      "key": "$9.5",
      "name": "size-9--5",
      "val": 99,
      "variable": "var(--size-9--5)",
    },
    "true": {
      "isVar": true,
      "key": "$true",
      "name": "size-true",
      "val": 44,
      "variable": "var(--size-true)",
    },
  },
  "space": {
    "-0.25": {
      "isVar": true,
      "key": "$-0.25",
      "name": "space--0--25",
      "val": -1,
      "variable": "var(--space--0--25)",
    },
    "-0.5": {
      "isVar": true,
      "key": "$-0.5",
      "name": "space--0--5",
      "val": -1,
      "variable": "var(--space--0--5)",
    },
    "-0.75": {
      "isVar": true,
      "key": "$-0.75",
      "name": "space--0--75",
      "val": -3,
      "variable": "var(--space--0--75)",
    },
    "-1": {
      "isVar": true,
      "key": "$-1",
      "name": "space--1",
      "val": -2,
      "variable": "var(--space--1)",
    },
    "-1.5": {
      "isVar": true,
      "key": "$-1.5",
      "name": "space--1--5",
      "val": -4,
      "variable": "var(--space--1--5)",
    },
    "-10": {
      "isVar": true,
      "key": "$-10",
      "name": "space--10",
      "val": -60,
      "variable": "var(--space--10)",
    },
    "-11": {
      "isVar": true,
      "key": "$-11",
      "name": "space--11",
      "val": -74,
      "variable": "var(--space--11)",
    },
    "-12": {
      "isVar": true,
      "key": "$-12",
      "name": "space--12",
      "val": -88,
      "variable": "var(--space--12)",
    },
    "-13": {
      "isVar": true,
      "key": "$-13",
      "name": "space--13",
      "val": -102,
      "variable": "var(--space--13)",
    },
    "-14": {
      "isVar": true,
      "key": "$-14",
      "name": "space--14",
      "val": -116,
      "variable": "var(--space--14)",
    },
    "-15": {
      "isVar": true,
      "key": "$-15",
      "name": "space--15",
      "val": -130,
      "variable": "var(--space--15)",
    },
    "-16": {
      "isVar": true,
      "key": "$-16",
      "name": "space--16",
      "val": -144,
      "variable": "var(--space--16)",
    },
    "-17": {
      "isVar": true,
      "key": "$-17",
      "name": "space--17",
      "val": -144,
      "variable": "var(--space--17)",
    },
    "-18": {
      "isVar": true,
      "key": "$-18",
      "name": "space--18",
      "val": -158,
      "variable": "var(--space--18)",
    },
    "-19": {
      "isVar": true,
      "key": "$-19",
      "name": "space--19",
      "val": -172,
      "variable": "var(--space--19)",
    },
    "-2": {
      "isVar": true,
      "key": "$-2",
      "name": "space--2",
      "val": -7,
      "variable": "var(--space--2)",
    },
    "-2.5": {
      "isVar": true,
      "key": "$-2.5",
      "name": "space--2--5",
      "val": -10,
      "variable": "var(--space--2--5)",
    },
    "-20": {
      "isVar": true,
      "key": "$-20",
      "name": "space--20",
      "val": -186,
      "variable": "var(--space--20)",
    },
    "-3": {
      "isVar": true,
      "key": "$-3",
      "name": "space--3",
      "val": -13,
      "variable": "var(--space--3)",
    },
    "-3.5": {
      "isVar": true,
      "key": "$-3.5",
      "name": "space--3--5",
      "val": -16,
      "variable": "var(--space--3--5)",
    },
    "-4": {
      "isVar": true,
      "key": "$-4",
      "name": "space--4",
      "val": -18,
      "variable": "var(--space--4)",
    },
    "-4.5": {
      "isVar": true,
      "key": "$-4.5",
      "name": "space--4--5",
      "val": -21,
      "variable": "var(--space--4--5)",
    },
    "-5": {
      "isVar": true,
      "key": "$-5",
      "name": "space--5",
      "val": -24,
      "variable": "var(--space--5)",
    },
    "-5.5": {
      "isVar": true,
      "key": "$-5.5",
      "name": "space--5--5",
      "val": -29,
      "variable": "var(--space--5--5)",
    },
    "-6": {
      "isVar": true,
      "key": "$-6",
      "name": "space--6",
      "val": -32,
      "variable": "var(--space--6)",
    },
    "-6.5": {
      "isVar": true,
      "key": "$-6.5",
      "name": "space--6--5",
      "val": -36,
      "variable": "var(--space--6--5)",
    },
    "-7": {
      "isVar": true,
      "key": "$-7",
      "name": "space--7",
      "val": -39,
      "variable": "var(--space--7)",
    },
    "-7.6": {
      "isVar": true,
      "key": "$-7.6",
      "name": "space--7--6",
      "val": -43,
      "variable": "var(--space--7--6)",
    },
    "-8": {
      "isVar": true,
      "key": "$-8",
      "name": "space--8",
      "val": -46,
      "variable": "var(--space--8)",
    },
    "-8.5": {
      "isVar": true,
      "key": "$-8.5",
      "name": "space--8--5",
      "val": -50,
      "variable": "var(--space--8--5)",
    },
    "-9": {
      "isVar": true,
      "key": "$-9",
      "name": "space--9",
      "val": -53,
      "variable": "var(--space--9)",
    },
    "-9.5": {
      "isVar": true,
      "key": "$-9.5",
      "name": "space--9--5",
      "val": -57,
      "variable": "var(--space--9--5)",
    },
    "-true": {
      "isVar": true,
      "key": "$-true",
      "name": "space--true",
      "val": -18,
      "variable": "var(--space--true)",
    },
    "0": {
      "isVar": true,
      "key": "$0",
      "name": "space-0",
      "val": 0,
      "variable": "var(--space-0)",
    },
    "0.25": {
      "isVar": true,
      "key": "$0.25",
      "name": "space-0--25",
      "val": 1,
      "variable": "var(--space-0--25)",
    },
    "0.5": {
      "isVar": true,
      "key": "$0.5",
      "name": "space-0--5",
      "val": 1,
      "variable": "var(--space-0--5)",
    },
    "0.75": {
      "isVar": true,
      "key": "$0.75",
      "name": "space-0--75",
      "val": 3,
      "variable": "var(--space-0--75)",
    },
    "1": {
      "isVar": true,
      "key": "$1",
      "name": "space-1",
      "val": 2,
      "variable": "var(--space-1)",
    },
    "1.5": {
      "isVar": true,
      "key": "$1.5",
      "name": "space-1--5",
      "val": 4,
      "variable": "var(--space-1--5)",
    },
    "10": {
      "isVar": true,
      "key": "$10",
      "name": "space-10",
      "val": 60,
      "variable": "var(--space-10)",
    },
    "11": {
      "isVar": true,
      "key": "$11",
      "name": "space-11",
      "val": 74,
      "variable": "var(--space-11)",
    },
    "12": {
      "isVar": true,
      "key": "$12",
      "name": "space-12",
      "val": 88,
      "variable": "var(--space-12)",
    },
    "13": {
      "isVar": true,
      "key": "$13",
      "name": "space-13",
      "val": 102,
      "variable": "var(--space-13)",
    },
    "14": {
      "isVar": true,
      "key": "$14",
      "name": "space-14",
      "val": 116,
      "variable": "var(--space-14)",
    },
    "15": {
      "isVar": true,
      "key": "$15",
      "name": "space-15",
      "val": 130,
      "variable": "var(--space-15)",
    },
    "16": {
      "isVar": true,
      "key": "$16",
      "name": "space-16",
      "val": 144,
      "variable": "var(--space-16)",
    },
    "17": {
      "isVar": true,
      "key": "$17",
      "name": "space-17",
      "val": 144,
      "variable": "var(--space-17)",
    },
    "18": {
      "isVar": true,
      "key": "$18",
      "name": "space-18",
      "val": 158,
      "variable": "var(--space-18)",
    },
    "19": {
      "isVar": true,
      "key": "$19",
      "name": "space-19",
      "val": 172,
      "variable": "var(--space-19)",
    },
    "2": {
      "isVar": true,
      "key": "$2",
      "name": "space-2",
      "val": 7,
      "variable": "var(--space-2)",
    },
    "2.5": {
      "isVar": true,
      "key": "$2.5",
      "name": "space-2--5",
      "val": 10,
      "variable": "var(--space-2--5)",
    },
    "20": {
      "isVar": true,
      "key": "$20",
      "name": "space-20",
      "val": 186,
      "variable": "var(--space-20)",
    },
    "3": {
      "isVar": true,
      "key": "$3",
      "name": "space-3",
      "val": 13,
      "variable": "var(--space-3)",
    },
    "3.5": {
      "isVar": true,
      "key": "$3.5",
      "name": "space-3--5",
      "val": 16,
      "variable": "var(--space-3--5)",
    },
    "4": {
      "isVar": true,
      "key": "$4",
      "name": "space-4",
      "val": 18,
      "variable": "var(--space-4)",
    },
    "4.5": {
      "isVar": true,
      "key": "$4.5",
      "name": "space-4--5",
      "val": 21,
      "variable": "var(--space-4--5)",
    },
    "5": {
      "isVar": true,
      "key": "$5",
      "name": "space-5",
      "val": 24,
      "variable": "var(--space-5)",
    },
    "5.5": {
      "isVar": true,
      "key": "$5.5",
      "name": "space-5--5",
      "val": 29,
      "variable": "var(--space-5--5)",
    },
    "6": {
      "isVar": true,
      "key": "$6",
      "name": "space-6",
      "val": 32,
      "variable": "var(--space-6)",
    },
    "6.5": {
      "isVar": true,
      "key": "$6.5",
      "name": "space-6--5",
      "val": 36,
      "variable": "var(--space-6--5)",
    },
    "7": {
      "isVar": true,
      "key": "$7",
      "name": "space-7",
      "val": 39,
      "variable": "var(--space-7)",
    },
    "7.6": {
      "isVar": true,
      "key": "$7.6",
      "name": "space-7--6",
      "val": 43,
      "variable": "var(--space-7--6)",
    },
    "8": {
      "isVar": true,
      "key": "$8",
      "name": "space-8",
      "val": 46,
      "variable": "var(--space-8)",
    },
    "8.5": {
      "isVar": true,
      "key": "$8.5",
      "name": "space-8--5",
      "val": 50,
      "variable": "var(--space-8--5)",
    },
    "9": {
      "isVar": true,
      "key": "$9",
      "name": "space-9",
      "val": 53,
      "variable": "var(--space-9)",
    },
    "9.5": {
      "isVar": true,
      "key": "$9.5",
      "name": "space-9--5",
      "val": 57,
      "variable": "var(--space-9--5)",
    },
    "true": {
      "isVar": true,
      "key": "$true",
      "name": "space-true",
      "val": 18,
      "variable": "var(--space-true)",
    },
  },
  "zIndex": {
    "0": {
      "isVar": true,
      "key": "$0",
      "name": "zIndex-0",
      "val": 0,
      "variable": "var(--zIndex-0)",
    },
    "1": {
      "isVar": true,
      "key": "$1",
      "name": "zIndex-1",
      "val": 100,
      "variable": "var(--zIndex-1)",
    },
    "2": {
      "isVar": true,
      "key": "$2",
      "name": "zIndex-2",
      "val": 200,
      "variable": "var(--zIndex-2)",
    },
    "3": {
      "isVar": true,
      "key": "$3",
      "name": "zIndex-3",
      "val": 300,
      "variable": "var(--zIndex-3)",
    },
    "4": {
      "isVar": true,
      "key": "$4",
      "name": "zIndex-4",
      "val": 400,
      "variable": "var(--zIndex-4)",
    },
    "5": {
      "isVar": true,
      "key": "$5",
      "name": "zIndex-5",
      "val": 500,
      "variable": "var(--zIndex-5)",
    },
  },
}
`;
