// Vitest Snapshot v1, https://vitest.dev/guide/snapshot.html

exports[`conditional specific after generic style overrides 1`] = `
"const _cn1 = "_pos-static _dsp-flex _ai-stretch _fd-column _fb-auto _bxs-border-box _mih-0px _miw-0px _fs-0 _pt-t-space-2 _pr-t-space-2 _pb-t-space-2 _pl-t-space-2 ";
const _cn0 = "_pos-static _dsp-flex _ai-stretch _fd-column _fb-auto _bxs-border-box _mih-0px _miw-0px _fs-0 _pt-t-space-2 _pr-t-space-2 _pl-t-space-2 _pb-18px ";
const _cn9 = "_pos-static _dsp-flex _ai-stretch _fd-column _fb-auto _bxs-border-box _mih-0px _miw-0px _fs-0 _pt-t-space-2 _pr-t-space-2 _pl-t-space-2 _pb-15px ";
const _cn8 = "_pos-static _dsp-flex _ai-stretch _fd-column _fb-auto _bxs-border-box _mih-0px _miw-0px _fs-0 _pt-t-space-2 _pr-t-space-2 _pb-t-space-2 _pl-t-space-2 _mr-2px ";
const _cn7 = "_pos-static _dsp-flex _ai-stretch _fd-column _fb-auto _bxs-border-box _mih-0px _miw-0px _fs-0 _pt-t-space-2 _pr-t-space-2 _pb-t-space-2 _pl-t-space-2 _mr-2px ";
const _cn6 = "_pos-static _dsp-flex _ai-stretch _fd-column _fb-auto _bxs-border-box _mih-0px _miw-0px _fs-0 _pt-t-space-2 _pr-t-space-2 _pb-t-space-2 _pl-t-space-2 _mr-1px ";
const _cn5 = "_pos-static _dsp-flex _ai-stretch _fd-column _fb-auto _bxs-border-box _mih-0px _miw-0px _fs-0 _pt-t-space-2 _pr-t-space-2 _pb-t-space-2 _pl-t-space-2 _mr-1px ";
const _cn4 = "_pos-static _dsp-flex _ai-stretch _fd-column _fb-auto _bxs-border-box _mih-0px _miw-0px _fs-0 _pt-t-space-2 _pr-t-space-2 _pb-t-space-2 _pl-t-space-2 _mr-2px ";
const _cn3 = "_pos-static _dsp-flex _ai-stretch _fd-column _fb-auto _bxs-border-box _mih-0px _miw-0px _fs-0 _pt-t-space-2 _pr-t-space-2 _pb-t-space-2 _pl-t-space-2 _mr-2px ";
const _cn2 = "_pos-static _dsp-flex _ai-stretch _fd-column _fb-auto _bxs-border-box _mih-0px _miw-0px _fs-0 _pt-t-space-2 _pr-t-space-2 _pb-t-space-2 _pl-t-space-2 _mr-1px ";
const _cn = "_pos-static _dsp-flex _ai-stretch _fd-column _fb-auto _bxs-border-box _mih-0px _miw-0px _fs-0 _pt-t-space-2 _pr-t-space-2 _pb-t-space-2 _pl-t-space-2 _mr-1px ";
import { View } from '@tamagui/core';
export function Test(props) {
  return <div className={!!floating && floating2 ? _cn : !floating && !floating2 ? _cn2 : !!floating && floating2 ? _cn3 : !floating && floating2 ? _cn4 : !floating && floating2 ? _cn5 : floating && !floating2 ? _cn6 : !floating && floating2 ? _cn7 : floating && floating2 ? _cn8 : !floating ? _cn9 : floating ? _cn0 : _cn1} />;
}"
`;

exports[`conditional specific after generic style overrides 2`] = `
":root ._pos-static{position:static;}
:root ._dsp-flex{display:flex;}
:root ._ai-stretch{align-items:stretch;}
:root ._fd-column{flex-direction:column;}
:root ._fb-auto{flex-basis:auto;}
:root ._bxs-border-box{box-sizing:border-box;}
:root ._mih-0px{min-height:0px;}
:root ._miw-0px{min-width:0px;}
:root ._fs-0{flex-shrink:0;}
:root ._pt-t-space-2{padding-top:var(--t-space-2);}
:root ._pr-t-space-2{padding-right:var(--t-space-2);}
:root ._pb-t-space-2{padding-bottom:var(--t-space-2);}
:root ._pl-t-space-2{padding-left:var(--t-space-2);}
:root ._pb-18px{padding-bottom:18px;}
:root ._pb-15px{padding-bottom:15px;}
:root ._mr-2px{margin-right:2px;}
:root ._mr-1px{margin-right:1px;}"
`;
