// Vitest Snapshot v1, https://vitest.dev/guide/snapshot.html

exports[`DOM elements lower to literal tags through every normalized element form 1`] = `
"
    import React, { createElement } from 'react'
    import { jsx, jsxs } from 'react/jsx-runtime'
    import { html as h } from '@tamagui/core'

    export const JSXElement = <main id="main"><h1>Title</h1></main>
    export const JSXCall = jsx("section", { children: 'jsx' })
    export const JSXSCall = jsxs("nav", { children: ['one', jsx("span", { children: 'two' })] })
    export const CreateElementCall = createElement("article", null, 'named')
    export const MemberCreateElementCall = React.createElement("footer", null, 'member')
"
`;
