// Vitest Snapshot v1, https://vitest.dev/guide/snapshot.html

exports[`the shared precedence table compiles with runtime-identical CSS order and specificity 1`] = `
{
  "1-forward": "._f-738730484{flex-direction:row}@media (min-width: 640px) {._f-738730484{flex-direction:column}}",
  "1-reversed": "._f-738730484{flex-direction:row}@media (min-width: 640px) {._f-738730484{flex-direction:column}}",
  "10-forward": "._b-855835834{background-color:blue}",
  "10-reversed": "._b-855835834{background-color:blue}",
  "11-forward": "",
  "11-reversed": "",
  "12-forward": "@media (min-width: 640px) {@media (hover: hover) {._b-1627473250:where(:hover){background-color:blue}}}",
  "12-reversed": "@media (min-width: 640px) {@media (hover: hover) {._b-1627473250:where(:hover){background-color:blue}}}",
  "13-forward": "._b-753210201:where(.t_light, .t_light *){background-color:red}._b-753210201:where(.t_dark, .t_dark *){background-color:blue}",
  "13-reversed": "._b-1207269671:where(.t_dark, .t_dark *){background-color:blue}._b-1207269671:where(.t_light, .t_light *){background-color:red}",
  "14-forward": "@media (min-width: 640px) {._b-1385328089{background-color:red}}@container (min-width: 640px) {._b-1385328089{background-color:blue}}",
  "14-reversed": "@media (min-width: 640px) {._b-1385328089{background-color:red}}@container (min-width: 640px) {._b-1385328089{background-color:blue}}",
  "15-forward": "@media (hover: hover) {._b-508336391:where(.t_group_true:hover *){background-color:blue}}@media (hover: hover) {._b-508336391:where(:hover){background-color:red}}",
  "15-reversed": "@media (hover: hover) {._b-508336391:where(.t_group_true:hover *){background-color:blue}}@media (hover: hover) {._b-508336391:where(:hover){background-color:red}}",
  "2-forward": "._f-738730484{flex-direction:row}@media (min-width: 640px) {._f-738730484{flex-direction:column}}",
  "2-reversed": "._f-738730484{flex-direction:row}@media (min-width: 640px) {._f-738730484{flex-direction:column}}",
  "3-forward": "._b-1929703956{background-color:red}@media (min-width: 640px) {._b-1929703956{background-color:green}}",
  "3-reversed": "._b-214691921{background-color:red}@media (min-width: 640px) {._b-214691921{background-color:blue}}",
  "4-forward": "@media (min-width: 640px) {._b-1745350554{background-color:blue}}@media (min-width: 768px) {._b-1745350554{background-color:green}}",
  "4-reversed": "@media (min-width: 640px) {._b-1745350554{background-color:blue}}@media (min-width: 768px) {._b-1745350554{background-color:green}}",
  "5-forward": "@media (min-width: 640px) {._b-1229173703{background-color:blue}}._b-1229173703:where(.t_dark, .t_dark *){background-color:green}",
  "5-reversed": "@media (min-width: 640px) {._b-1229173703{background-color:blue}}._b-1229173703:where(.t_dark, .t_dark *){background-color:green}",
  "6-forward": "@media (min-width: 768px) {._b-438750300{background-color:green}}@media (min-width: 640px) {@media (hover: hover) {._b-438750300:where(:hover){background-color:blue}}}",
  "6-reversed": "@media (min-width: 768px) {._b-438750300{background-color:green}}@media (min-width: 640px) {@media (hover: hover) {._b-438750300:where(:hover){background-color:blue}}}",
  "7-forward": "@media (min-width: 768px) {._b-1121593260{background-color:green}}@media (min-width: 640px) {._b-1121593260:where(.t_dark, .t_dark *){background-color:blue}}",
  "7-reversed": "@media (min-width: 768px) {._b-1121593260{background-color:green}}@media (min-width: 640px) {._b-1121593260:where(.t_dark, .t_dark *){background-color:blue}}",
  "8-forward": "@media (hover: hover) {._b-17186431:where(:hover){background-color:green}}@media (min-width: 640px) {._b-17186431:where(.t_dark, .t_dark *){background-color:blue}}",
  "8-reversed": "@media (hover: hover) {._b-17186431:where(:hover){background-color:green}}@media (min-width: 640px) {._b-17186431:where(.t_dark, .t_dark *){background-color:blue}}",
  "9-forward": "@media (min-width: 640px) {._b-991351843:where(.t_dark, .t_dark *){background-color:red}}",
  "9-reversed": "@media (min-width: 640px) {._b-667605362:where(.t_dark, .t_dark *){background-color:blue}}",
}
`;
